ARM GAS  C:\Users\VITYAL~1\AppData\Local\Temp\cc2CJVAo.s 			page 1


   1              		.cpu cortex-m4
   2              		.arch armv7e-m
   3              		.fpu fpv4-sp-d16
   4              		.eabi_attribute 27, 1
   5              		.eabi_attribute 28, 1
   6              		.eabi_attribute 20, 1
   7              		.eabi_attribute 21, 1
   8              		.eabi_attribute 23, 3
   9              		.eabi_attribute 24, 1
  10              		.eabi_attribute 25, 1
  11              		.eabi_attribute 26, 1
  12              		.eabi_attribute 30, 1
  13              		.eabi_attribute 34, 1
  14              		.eabi_attribute 18, 4
  15              		.file	"main.c"
  16              		.text
  17              	.Ltext0:
  18              		.cfi_sections	.debug_frame
  19              		.file 1 "Core/Scr/main.c"
  20              		.section	.text.main,"ax",%progbits
  21              		.align	1
  22              		.global	main
  23              		.syntax unified
  24              		.thumb
  25              		.thumb_func
  27              	main:
  28              	.LFB130:
   1:Core/Scr/main.c **** #include "../Inc/init.h"
   2:Core/Scr/main.c **** 
   3:Core/Scr/main.c **** uint8_t but_check = 0;
   4:Core/Scr/main.c **** uint8_t pusher = 0;
   5:Core/Scr/main.c **** 
   6:Core/Scr/main.c **** int main(void)
   7:Core/Scr/main.c **** {
  29              		.loc 1 7 1 view -0
  30              		.cfi_startproc
  31              		@ Volatile: function does not return.
  32              		@ args = 0, pretend = 0, frame = 0
  33              		@ frame_needed = 0, uses_anonymous_args = 0
  34 0000 08B5     		push	{r3, lr}
  35              	.LCFI0:
  36              		.cfi_def_cfa_offset 8
  37              		.cfi_offset 3, -8
  38              		.cfi_offset 14, -4
   8:Core/Scr/main.c ****     GPIO_INIT();
  39              		.loc 1 8 5 view .LVU1
  40 0002 FFF7FEFF 		bl	GPIO_INIT
  41              	.LVL0:
  42 0006 0FE0     		b	.L4
  43              	.L2:
   9:Core/Scr/main.c ****     while (1)
  10:Core/Scr/main.c ****     {
  11:Core/Scr/main.c ****         if ((READ_BIT(GPIOC->IDR, GPIO_IDR_ID13) == RESET) && (pusher == 0))
  12:Core/Scr/main.c ****         {
  13:Core/Scr/main.c ****             pusher = time_skeeper();
  14:Core/Scr/main.c ****         }
  15:Core/Scr/main.c ****         if ((READ_BIT(GPIOC->IDR, GPIO_IDR_ID13) != RESET) && (pusher == 1))
ARM GAS  C:\Users\VITYAL~1\AppData\Local\Temp\cc2CJVAo.s 			page 2


  44              		.loc 1 15 9 view .LVU2
  45              		.loc 1 15 14 is_stmt 0 view .LVU3
  46 0008 134B     		ldr	r3, .L7
  47 000a 1B69     		ldr	r3, [r3, #16]
  48              		.loc 1 15 12 view .LVU4
  49 000c 13F4005F 		tst	r3, #8192
  50 0010 03D0     		beq	.L3
  51              		.loc 1 15 71 discriminator 1 view .LVU5
  52 0012 124B     		ldr	r3, .L7+4
  53 0014 1878     		ldrb	r0, [r3]	@ zero_extendqisi2
  54              		.loc 1 15 60 discriminator 1 view .LVU6
  55 0016 0128     		cmp	r0, #1
  56 0018 14D0     		beq	.L6
  57              	.L3:
  16:Core/Scr/main.c ****         {
  17:Core/Scr/main.c ****             but_check = diode_mode(pusher, but_check);
  18:Core/Scr/main.c ****             pusher = 0;
  19:Core/Scr/main.c ****         }
  20:Core/Scr/main.c ****         main_process(but_check);
  58              		.loc 1 20 9 is_stmt 1 view .LVU7
  59 001a 114C     		ldr	r4, .L7+8
  60 001c 2078     		ldrb	r0, [r4]	@ zero_extendqisi2
  61 001e FFF7FEFF 		bl	main_process
  62              	.LVL1:
  21:Core/Scr/main.c ****         num_of_led(but_check);
  63              		.loc 1 21 9 view .LVU8
  64 0022 2078     		ldrb	r0, [r4]	@ zero_extendqisi2
  65 0024 FFF7FEFF 		bl	num_of_led
  66              	.LVL2:
   9:Core/Scr/main.c ****     while (1)
  67              		.loc 1 9 11 view .LVU9
  68              	.L4:
   9:Core/Scr/main.c ****     while (1)
  69              		.loc 1 9 5 view .LVU10
  11:Core/Scr/main.c ****         {
  70              		.loc 1 11 9 view .LVU11
  11:Core/Scr/main.c ****         {
  71              		.loc 1 11 14 is_stmt 0 view .LVU12
  72 0028 0B4B     		ldr	r3, .L7
  73 002a 1B69     		ldr	r3, [r3, #16]
  11:Core/Scr/main.c ****         {
  74              		.loc 1 11 12 view .LVU13
  75 002c 13F4005F 		tst	r3, #8192
  76 0030 EAD1     		bne	.L2
  11:Core/Scr/main.c ****         {
  77              		.loc 1 11 71 discriminator 1 view .LVU14
  78 0032 0A4B     		ldr	r3, .L7+4
  79 0034 1B78     		ldrb	r3, [r3]	@ zero_extendqisi2
  11:Core/Scr/main.c ****         {
  80              		.loc 1 11 60 discriminator 1 view .LVU15
  81 0036 002B     		cmp	r3, #0
  82 0038 E6D1     		bne	.L2
  13:Core/Scr/main.c ****         }
  83              		.loc 1 13 13 is_stmt 1 view .LVU16
  13:Core/Scr/main.c ****         }
  84              		.loc 1 13 22 is_stmt 0 view .LVU17
  85 003a FFF7FEFF 		bl	time_skeeper
ARM GAS  C:\Users\VITYAL~1\AppData\Local\Temp\cc2CJVAo.s 			page 3


  86              	.LVL3:
  13:Core/Scr/main.c ****         }
  87              		.loc 1 13 20 discriminator 1 view .LVU18
  88 003e 074B     		ldr	r3, .L7+4
  89 0040 1870     		strb	r0, [r3]
  90 0042 E1E7     		b	.L2
  91              	.L6:
  17:Core/Scr/main.c ****             pusher = 0;
  92              		.loc 1 17 13 is_stmt 1 view .LVU19
  17:Core/Scr/main.c ****             pusher = 0;
  93              		.loc 1 17 25 is_stmt 0 view .LVU20
  94 0044 064C     		ldr	r4, .L7+8
  95 0046 2178     		ldrb	r1, [r4]	@ zero_extendqisi2
  96 0048 FFF7FEFF 		bl	diode_mode
  97              	.LVL4:
  17:Core/Scr/main.c ****             pusher = 0;
  98              		.loc 1 17 23 discriminator 1 view .LVU21
  99 004c 2070     		strb	r0, [r4]
  18:Core/Scr/main.c ****         }
 100              		.loc 1 18 13 is_stmt 1 view .LVU22
  18:Core/Scr/main.c ****         }
 101              		.loc 1 18 20 is_stmt 0 view .LVU23
 102 004e 034B     		ldr	r3, .L7+4
 103 0050 0022     		movs	r2, #0
 104 0052 1A70     		strb	r2, [r3]
 105 0054 E1E7     		b	.L3
 106              	.L8:
 107 0056 00BF     		.align	2
 108              	.L7:
 109 0058 00080240 		.word	1073874944
 110 005c 00000000 		.word	pusher
 111 0060 00000000 		.word	but_check
 112              		.cfi_endproc
 113              	.LFE130:
 115              		.global	pusher
 116              		.section	.bss.pusher,"aw",%nobits
 119              	pusher:
 120 0000 00       		.space	1
 121              		.global	but_check
 122              		.section	.bss.but_check,"aw",%nobits
 125              	but_check:
 126 0000 00       		.space	1
 127              		.text
 128              	.Letext0:
 129              		.file 2 "C:/for_all/1study/MC_tools/xpack-arm-none-eabi-gcc-13.2.1-1.1/arm-none-eabi/include/machi
 130              		.file 3 "C:/for_all/1study/MC_tools/xpack-arm-none-eabi-gcc-13.2.1-1.1/arm-none-eabi/include/sys/_
 131              		.file 4 "Core/Scr/../Inc/../../CMSIS/Devices/STM32F4xx/Inc/STM32F411xE/stm32f411xe.h"
 132              		.file 5 "Core/Scr/../Inc/init.h"
 133              		.file 6 "Core/Scr/../Inc/../../CMSIS/Devices/STM32F4xx/Inc/stm32f4xx.h"
ARM GAS  C:\Users\VITYAL~1\AppData\Local\Temp\cc2CJVAo.s 			page 4


DEFINED SYMBOLS
                            *ABS*:00000000 main.c
C:\Users\VITYAL~1\AppData\Local\Temp\cc2CJVAo.s:21     .text.main:00000000 $t
C:\Users\VITYAL~1\AppData\Local\Temp\cc2CJVAo.s:27     .text.main:00000000 main
C:\Users\VITYAL~1\AppData\Local\Temp\cc2CJVAo.s:109    .text.main:00000058 $d
C:\Users\VITYAL~1\AppData\Local\Temp\cc2CJVAo.s:119    .bss.pusher:00000000 pusher
C:\Users\VITYAL~1\AppData\Local\Temp\cc2CJVAo.s:125    .bss.but_check:00000000 but_check
C:\Users\VITYAL~1\AppData\Local\Temp\cc2CJVAo.s:120    .bss.pusher:00000000 $d
C:\Users\VITYAL~1\AppData\Local\Temp\cc2CJVAo.s:126    .bss.but_check:00000000 $d

UNDEFINED SYMBOLS
GPIO_INIT
main_process
num_of_led
time_skeeper
diode_mode
