ARM GAS  C:\Users\VITYAL~1\AppData\Local\Temp\ccEszWuw.s 			page 1


   1              		.cpu cortex-m4
   2              		.arch armv7e-m
   3              		.fpu fpv4-sp-d16
   4              		.eabi_attribute 27, 1
   5              		.eabi_attribute 28, 1
   6              		.eabi_attribute 20, 1
   7              		.eabi_attribute 21, 1
   8              		.eabi_attribute 23, 3
   9              		.eabi_attribute 24, 1
  10              		.eabi_attribute 25, 1
  11              		.eabi_attribute 26, 1
  12              		.eabi_attribute 30, 1
  13              		.eabi_attribute 34, 1
  14              		.eabi_attribute 18, 4
  15              		.file	"main.c"
  16              		.text
  17              	.Ltext0:
  18              		.cfi_sections	.debug_frame
  19              		.file 1 "Core/Scr/main.c"
  20              		.section	.text.main,"ax",%progbits
  21              		.align	1
  22              		.global	main
  23              		.syntax unified
  24              		.thumb
  25              		.thumb_func
  27              	main:
  28              	.LFB130:
   1:Core/Scr/main.c **** 
   2:Core/Scr/main.c **** #include "../Inc/init.h"
   3:Core/Scr/main.c **** 
   4:Core/Scr/main.c **** uint8_t but_check = 0;
   5:Core/Scr/main.c **** uint8_t pusher = 0;
   6:Core/Scr/main.c **** uint8_t first_led = 0;
   7:Core/Scr/main.c **** uint8_t second_led = 0;
   8:Core/Scr/main.c **** uint8_t third_led = 0;
   9:Core/Scr/main.c **** uint8_t fourth_led = 0;
  10:Core/Scr/main.c **** 
  11:Core/Scr/main.c **** int main(void)
  12:Core/Scr/main.c **** {
  29              		.loc 1 12 1 view -0
  30              		.cfi_startproc
  31              		@ Volatile: function does not return.
  32              		@ args = 0, pretend = 0, frame = 0
  33              		@ frame_needed = 0, uses_anonymous_args = 0
  34 0000 08B5     		push	{r3, lr}
  35              	.LCFI0:
  36              		.cfi_def_cfa_offset 8
  37              		.cfi_offset 3, -8
  38              		.cfi_offset 14, -4
  13:Core/Scr/main.c ****     GPIO_INIT();
  39              		.loc 1 13 5 view .LVU1
  40 0002 FFF7FEFF 		bl	GPIO_INIT
  41              	.LVL0:
  42 0006 20E0     		b	.L2
  43              	.L3:
  14:Core/Scr/main.c ****     while (1)
  15:Core/Scr/main.c ****     {
ARM GAS  C:\Users\VITYAL~1\AppData\Local\Temp\ccEszWuw.s 			page 2


  16:Core/Scr/main.c ****         if ((READ_BIT(GPIOC->IDR, GPIO_IDR_ID13) == RESET) && (pusher == 0))
  17:Core/Scr/main.c ****         {
  18:Core/Scr/main.c ****             pusher = time_skeeper();
  19:Core/Scr/main.c ****         }
  20:Core/Scr/main.c ****         if ((READ_BIT(GPIOC->IDR, GPIO_IDR_ID13) != RESET) && (pusher == 1))
  44              		.loc 1 20 9 view .LVU2
  45              		.loc 1 20 14 is_stmt 0 view .LVU3
  46 0008 364B     		ldr	r3, .L18
  47 000a 1B69     		ldr	r3, [r3, #16]
  48              		.loc 1 20 12 view .LVU4
  49 000c 13F4005F 		tst	r3, #8192
  50 0010 03D0     		beq	.L4
  51              		.loc 1 20 71 discriminator 1 view .LVU5
  52 0012 354B     		ldr	r3, .L18+4
  53 0014 1878     		ldrb	r0, [r3]	@ zero_extendqisi2
  54              		.loc 1 20 60 discriminator 1 view .LVU6
  55 0016 0128     		cmp	r0, #1
  56 0018 25D0     		beq	.L12
  57              	.L4:
  21:Core/Scr/main.c ****         {
  22:Core/Scr/main.c ****             but_check = diode_mode(pusher, but_check);
  23:Core/Scr/main.c ****             pusher = 0;
  24:Core/Scr/main.c ****         }
  25:Core/Scr/main.c ****         main_process(but_check);
  58              		.loc 1 25 9 is_stmt 1 view .LVU7
  59 001a 344C     		ldr	r4, .L18+8
  60 001c 2078     		ldrb	r0, [r4]	@ zero_extendqisi2
  61 001e FFF7FEFF 		bl	main_process
  62              	.LVL1:
  26:Core/Scr/main.c ****         if (but_check == 1)
  63              		.loc 1 26 9 view .LVU8
  64              		.loc 1 26 23 is_stmt 0 view .LVU9
  65 0022 2378     		ldrb	r3, [r4]	@ zero_extendqisi2
  66              		.loc 1 26 12 view .LVU10
  67 0024 012B     		cmp	r3, #1
  68 0026 27D0     		beq	.L13
  69              	.L5:
  27:Core/Scr/main.c ****         {
  28:Core/Scr/main.c ****             first_led = 1;
  29:Core/Scr/main.c ****             second_led = 0;
  30:Core/Scr/main.c ****             third_led = 0;
  31:Core/Scr/main.c ****             fourth_led = 0;
  32:Core/Scr/main.c ****         }
  33:Core/Scr/main.c ****         if (but_check == 2)
  70              		.loc 1 33 9 is_stmt 1 view .LVU11
  71              		.loc 1 33 12 is_stmt 0 view .LVU12
  72 0028 022B     		cmp	r3, #2
  73 002a 30D0     		beq	.L14
  74              	.L6:
  34:Core/Scr/main.c ****         {
  35:Core/Scr/main.c ****             first_led = 0;
  36:Core/Scr/main.c ****             second_led = 1;
  37:Core/Scr/main.c ****             third_led = 0;
  38:Core/Scr/main.c ****             fourth_led = 0;
  39:Core/Scr/main.c ****         }
  40:Core/Scr/main.c ****         if (but_check == 3)
  75              		.loc 1 40 9 is_stmt 1 view .LVU13
ARM GAS  C:\Users\VITYAL~1\AppData\Local\Temp\ccEszWuw.s 			page 3


  76              		.loc 1 40 12 is_stmt 0 view .LVU14
  77 002c 032B     		cmp	r3, #3
  78 002e 39D0     		beq	.L15
  79              	.L7:
  41:Core/Scr/main.c ****         {
  42:Core/Scr/main.c ****             first_led = 0;
  43:Core/Scr/main.c ****             second_led = 0;
  44:Core/Scr/main.c ****             third_led = 1;
  45:Core/Scr/main.c ****             fourth_led = 0;
  46:Core/Scr/main.c ****         }
  47:Core/Scr/main.c ****         if (but_check == 4)
  80              		.loc 1 47 9 is_stmt 1 view .LVU15
  81              		.loc 1 47 12 is_stmt 0 view .LVU16
  82 0030 042B     		cmp	r3, #4
  83 0032 42D0     		beq	.L16
  84              	.L8:
  48:Core/Scr/main.c ****         {
  49:Core/Scr/main.c ****             first_led = 0;
  50:Core/Scr/main.c ****             second_led = 0;
  51:Core/Scr/main.c ****             third_led = 0;
  52:Core/Scr/main.c ****             fourth_led = 1;
  53:Core/Scr/main.c ****         }
  54:Core/Scr/main.c ****         if (but_check == 5)
  85              		.loc 1 54 9 is_stmt 1 view .LVU17
  86              		.loc 1 54 12 is_stmt 0 view .LVU18
  87 0034 052B     		cmp	r3, #5
  88 0036 4BD0     		beq	.L17
  55:Core/Scr/main.c ****         {
  56:Core/Scr/main.c ****             first_led = 1;
  57:Core/Scr/main.c ****             second_led = 1;
  58:Core/Scr/main.c ****             third_led = 1;
  59:Core/Scr/main.c ****             fourth_led = 1;
  60:Core/Scr/main.c ****         }
  61:Core/Scr/main.c ****         else
  62:Core/Scr/main.c ****         {
  63:Core/Scr/main.c ****             first_led = 0;
  89              		.loc 1 63 13 is_stmt 1 view .LVU19
  90              		.loc 1 63 23 is_stmt 0 view .LVU20
  91 0038 0023     		movs	r3, #0
  92 003a 2D4A     		ldr	r2, .L18+12
  93 003c 1370     		strb	r3, [r2]
  64:Core/Scr/main.c ****             second_led = 0;
  94              		.loc 1 64 13 is_stmt 1 view .LVU21
  95              		.loc 1 64 24 is_stmt 0 view .LVU22
  96 003e 2D4A     		ldr	r2, .L18+16
  97 0040 1370     		strb	r3, [r2]
  65:Core/Scr/main.c ****             third_led = 0;
  98              		.loc 1 65 13 is_stmt 1 view .LVU23
  99              		.loc 1 65 23 is_stmt 0 view .LVU24
 100 0042 2D4A     		ldr	r2, .L18+20
 101 0044 1370     		strb	r3, [r2]
  66:Core/Scr/main.c ****             fourth_led = 0;
 102              		.loc 1 66 13 is_stmt 1 view .LVU25
 103              		.loc 1 66 24 is_stmt 0 view .LVU26
 104 0046 2D4A     		ldr	r2, .L18+24
 105 0048 1370     		strb	r3, [r2]
 106              	.L2:
ARM GAS  C:\Users\VITYAL~1\AppData\Local\Temp\ccEszWuw.s 			page 4


  14:Core/Scr/main.c ****     {
 107              		.loc 1 14 5 is_stmt 1 view .LVU27
  16:Core/Scr/main.c ****         {
 108              		.loc 1 16 9 view .LVU28
  16:Core/Scr/main.c ****         {
 109              		.loc 1 16 14 is_stmt 0 view .LVU29
 110 004a 264B     		ldr	r3, .L18
 111 004c 1B69     		ldr	r3, [r3, #16]
  16:Core/Scr/main.c ****         {
 112              		.loc 1 16 12 view .LVU30
 113 004e 13F4005F 		tst	r3, #8192
 114 0052 D9D1     		bne	.L3
  16:Core/Scr/main.c ****         {
 115              		.loc 1 16 71 discriminator 1 view .LVU31
 116 0054 244B     		ldr	r3, .L18+4
 117 0056 1B78     		ldrb	r3, [r3]	@ zero_extendqisi2
  16:Core/Scr/main.c ****         {
 118              		.loc 1 16 60 discriminator 1 view .LVU32
 119 0058 002B     		cmp	r3, #0
 120 005a D5D1     		bne	.L3
  18:Core/Scr/main.c ****         }
 121              		.loc 1 18 13 is_stmt 1 view .LVU33
  18:Core/Scr/main.c ****         }
 122              		.loc 1 18 22 is_stmt 0 view .LVU34
 123 005c FFF7FEFF 		bl	time_skeeper
 124              	.LVL2:
  18:Core/Scr/main.c ****         }
 125              		.loc 1 18 20 discriminator 1 view .LVU35
 126 0060 214B     		ldr	r3, .L18+4
 127 0062 1870     		strb	r0, [r3]
 128 0064 D0E7     		b	.L3
 129              	.L12:
  22:Core/Scr/main.c ****             pusher = 0;
 130              		.loc 1 22 13 is_stmt 1 view .LVU36
  22:Core/Scr/main.c ****             pusher = 0;
 131              		.loc 1 22 25 is_stmt 0 view .LVU37
 132 0066 214C     		ldr	r4, .L18+8
 133 0068 2178     		ldrb	r1, [r4]	@ zero_extendqisi2
 134 006a FFF7FEFF 		bl	diode_mode
 135              	.LVL3:
  22:Core/Scr/main.c ****             pusher = 0;
 136              		.loc 1 22 23 discriminator 1 view .LVU38
 137 006e 2070     		strb	r0, [r4]
  23:Core/Scr/main.c ****         }
 138              		.loc 1 23 13 is_stmt 1 view .LVU39
  23:Core/Scr/main.c ****         }
 139              		.loc 1 23 20 is_stmt 0 view .LVU40
 140 0070 1D4B     		ldr	r3, .L18+4
 141 0072 0022     		movs	r2, #0
 142 0074 1A70     		strb	r2, [r3]
 143 0076 D0E7     		b	.L4
 144              	.L13:
  28:Core/Scr/main.c ****             second_led = 0;
 145              		.loc 1 28 13 is_stmt 1 view .LVU41
  28:Core/Scr/main.c ****             second_led = 0;
 146              		.loc 1 28 23 is_stmt 0 view .LVU42
 147 0078 1D4A     		ldr	r2, .L18+12
ARM GAS  C:\Users\VITYAL~1\AppData\Local\Temp\ccEszWuw.s 			page 5


 148 007a 0121     		movs	r1, #1
 149 007c 1170     		strb	r1, [r2]
  29:Core/Scr/main.c ****             third_led = 0;
 150              		.loc 1 29 13 is_stmt 1 view .LVU43
  29:Core/Scr/main.c ****             third_led = 0;
 151              		.loc 1 29 24 is_stmt 0 view .LVU44
 152 007e 0022     		movs	r2, #0
 153 0080 1C49     		ldr	r1, .L18+16
 154 0082 0A70     		strb	r2, [r1]
  30:Core/Scr/main.c ****             fourth_led = 0;
 155              		.loc 1 30 13 is_stmt 1 view .LVU45
  30:Core/Scr/main.c ****             fourth_led = 0;
 156              		.loc 1 30 23 is_stmt 0 view .LVU46
 157 0084 1C49     		ldr	r1, .L18+20
 158 0086 0A70     		strb	r2, [r1]
  31:Core/Scr/main.c ****         }
 159              		.loc 1 31 13 is_stmt 1 view .LVU47
  31:Core/Scr/main.c ****         }
 160              		.loc 1 31 24 is_stmt 0 view .LVU48
 161 0088 1C49     		ldr	r1, .L18+24
 162 008a 0A70     		strb	r2, [r1]
 163 008c CCE7     		b	.L5
 164              	.L14:
  35:Core/Scr/main.c ****             second_led = 1;
 165              		.loc 1 35 13 is_stmt 1 view .LVU49
  35:Core/Scr/main.c ****             second_led = 1;
 166              		.loc 1 35 23 is_stmt 0 view .LVU50
 167 008e 0022     		movs	r2, #0
 168 0090 1749     		ldr	r1, .L18+12
 169 0092 0A70     		strb	r2, [r1]
  36:Core/Scr/main.c ****             third_led = 0;
 170              		.loc 1 36 13 is_stmt 1 view .LVU51
  36:Core/Scr/main.c ****             third_led = 0;
 171              		.loc 1 36 24 is_stmt 0 view .LVU52
 172 0094 1749     		ldr	r1, .L18+16
 173 0096 0120     		movs	r0, #1
 174 0098 0870     		strb	r0, [r1]
  37:Core/Scr/main.c ****             fourth_led = 0;
 175              		.loc 1 37 13 is_stmt 1 view .LVU53
  37:Core/Scr/main.c ****             fourth_led = 0;
 176              		.loc 1 37 23 is_stmt 0 view .LVU54
 177 009a 1749     		ldr	r1, .L18+20
 178 009c 0A70     		strb	r2, [r1]
  38:Core/Scr/main.c ****         }
 179              		.loc 1 38 13 is_stmt 1 view .LVU55
  38:Core/Scr/main.c ****         }
 180              		.loc 1 38 24 is_stmt 0 view .LVU56
 181 009e 1749     		ldr	r1, .L18+24
 182 00a0 0A70     		strb	r2, [r1]
 183 00a2 C3E7     		b	.L6
 184              	.L15:
  42:Core/Scr/main.c ****             second_led = 0;
 185              		.loc 1 42 13 is_stmt 1 view .LVU57
  42:Core/Scr/main.c ****             second_led = 0;
 186              		.loc 1 42 23 is_stmt 0 view .LVU58
 187 00a4 0022     		movs	r2, #0
 188 00a6 1249     		ldr	r1, .L18+12
ARM GAS  C:\Users\VITYAL~1\AppData\Local\Temp\ccEszWuw.s 			page 6


 189 00a8 0A70     		strb	r2, [r1]
  43:Core/Scr/main.c ****             third_led = 1;
 190              		.loc 1 43 13 is_stmt 1 view .LVU59
  43:Core/Scr/main.c ****             third_led = 1;
 191              		.loc 1 43 24 is_stmt 0 view .LVU60
 192 00aa 1249     		ldr	r1, .L18+16
 193 00ac 0A70     		strb	r2, [r1]
  44:Core/Scr/main.c ****             fourth_led = 0;
 194              		.loc 1 44 13 is_stmt 1 view .LVU61
  44:Core/Scr/main.c ****             fourth_led = 0;
 195              		.loc 1 44 23 is_stmt 0 view .LVU62
 196 00ae 1249     		ldr	r1, .L18+20
 197 00b0 0120     		movs	r0, #1
 198 00b2 0870     		strb	r0, [r1]
  45:Core/Scr/main.c ****         }
 199              		.loc 1 45 13 is_stmt 1 view .LVU63
  45:Core/Scr/main.c ****         }
 200              		.loc 1 45 24 is_stmt 0 view .LVU64
 201 00b4 1149     		ldr	r1, .L18+24
 202 00b6 0A70     		strb	r2, [r1]
 203 00b8 BAE7     		b	.L7
 204              	.L16:
  49:Core/Scr/main.c ****             second_led = 0;
 205              		.loc 1 49 13 is_stmt 1 view .LVU65
  49:Core/Scr/main.c ****             second_led = 0;
 206              		.loc 1 49 23 is_stmt 0 view .LVU66
 207 00ba 0022     		movs	r2, #0
 208 00bc 0C49     		ldr	r1, .L18+12
 209 00be 0A70     		strb	r2, [r1]
  50:Core/Scr/main.c ****             third_led = 0;
 210              		.loc 1 50 13 is_stmt 1 view .LVU67
  50:Core/Scr/main.c ****             third_led = 0;
 211              		.loc 1 50 24 is_stmt 0 view .LVU68
 212 00c0 0C49     		ldr	r1, .L18+16
 213 00c2 0A70     		strb	r2, [r1]
  51:Core/Scr/main.c ****             fourth_led = 1;
 214              		.loc 1 51 13 is_stmt 1 view .LVU69
  51:Core/Scr/main.c ****             fourth_led = 1;
 215              		.loc 1 51 23 is_stmt 0 view .LVU70
 216 00c4 0C49     		ldr	r1, .L18+20
 217 00c6 0A70     		strb	r2, [r1]
  52:Core/Scr/main.c ****         }
 218              		.loc 1 52 13 is_stmt 1 view .LVU71
  52:Core/Scr/main.c ****         }
 219              		.loc 1 52 24 is_stmt 0 view .LVU72
 220 00c8 0C4A     		ldr	r2, .L18+24
 221 00ca 0121     		movs	r1, #1
 222 00cc 1170     		strb	r1, [r2]
 223 00ce B1E7     		b	.L8
 224              	.L17:
  56:Core/Scr/main.c ****             second_led = 1;
 225              		.loc 1 56 13 is_stmt 1 view .LVU73
  56:Core/Scr/main.c ****             second_led = 1;
 226              		.loc 1 56 23 is_stmt 0 view .LVU74
 227 00d0 0123     		movs	r3, #1
 228 00d2 074A     		ldr	r2, .L18+12
 229 00d4 1370     		strb	r3, [r2]
ARM GAS  C:\Users\VITYAL~1\AppData\Local\Temp\ccEszWuw.s 			page 7


  57:Core/Scr/main.c ****             third_led = 1;
 230              		.loc 1 57 13 is_stmt 1 view .LVU75
  57:Core/Scr/main.c ****             third_led = 1;
 231              		.loc 1 57 24 is_stmt 0 view .LVU76
 232 00d6 074A     		ldr	r2, .L18+16
 233 00d8 1370     		strb	r3, [r2]
  58:Core/Scr/main.c ****             fourth_led = 1;
 234              		.loc 1 58 13 is_stmt 1 view .LVU77
  58:Core/Scr/main.c ****             fourth_led = 1;
 235              		.loc 1 58 23 is_stmt 0 view .LVU78
 236 00da 074A     		ldr	r2, .L18+20
 237 00dc 1370     		strb	r3, [r2]
  59:Core/Scr/main.c ****         }
 238              		.loc 1 59 13 is_stmt 1 view .LVU79
  59:Core/Scr/main.c ****         }
 239              		.loc 1 59 24 is_stmt 0 view .LVU80
 240 00de 074A     		ldr	r2, .L18+24
 241 00e0 1370     		strb	r3, [r2]
 242 00e2 B2E7     		b	.L2
 243              	.L19:
 244              		.align	2
 245              	.L18:
 246 00e4 00080240 		.word	1073874944
 247 00e8 00000000 		.word	pusher
 248 00ec 00000000 		.word	but_check
 249 00f0 00000000 		.word	first_led
 250 00f4 00000000 		.word	second_led
 251 00f8 00000000 		.word	third_led
 252 00fc 00000000 		.word	fourth_led
 253              		.cfi_endproc
 254              	.LFE130:
 256              		.global	fourth_led
 257              		.section	.bss.fourth_led,"aw",%nobits
 260              	fourth_led:
 261 0000 00       		.space	1
 262              		.global	third_led
 263              		.section	.bss.third_led,"aw",%nobits
 266              	third_led:
 267 0000 00       		.space	1
 268              		.global	second_led
 269              		.section	.bss.second_led,"aw",%nobits
 272              	second_led:
 273 0000 00       		.space	1
 274              		.global	first_led
 275              		.section	.bss.first_led,"aw",%nobits
 278              	first_led:
 279 0000 00       		.space	1
 280              		.global	pusher
 281              		.section	.bss.pusher,"aw",%nobits
 284              	pusher:
 285 0000 00       		.space	1
 286              		.global	but_check
 287              		.section	.bss.but_check,"aw",%nobits
 290              	but_check:
 291 0000 00       		.space	1
 292              		.text
 293              	.Letext0:
ARM GAS  C:\Users\VITYAL~1\AppData\Local\Temp\ccEszWuw.s 			page 8


 294              		.file 2 "C:/for_all/1study/MC_tools/xpack-arm-none-eabi-gcc-13.2.1-1.1/arm-none-eabi/include/machi
 295              		.file 3 "C:/for_all/1study/MC_tools/xpack-arm-none-eabi-gcc-13.2.1-1.1/arm-none-eabi/include/sys/_
 296              		.file 4 "Core/Scr/../Inc/../../CMSIS/Devices/STM32F4xx/Inc/STM32F411xE/stm32f411xe.h"
 297              		.file 5 "Core/Scr/../Inc/../../CMSIS/Devices/STM32F4xx/Inc/stm32f4xx.h"
 298              		.file 6 "Core/Scr/../Inc/init.h"
ARM GAS  C:\Users\VITYAL~1\AppData\Local\Temp\ccEszWuw.s 			page 9


DEFINED SYMBOLS
                            *ABS*:00000000 main.c
C:\Users\VITYAL~1\AppData\Local\Temp\ccEszWuw.s:21     .text.main:00000000 $t
C:\Users\VITYAL~1\AppData\Local\Temp\ccEszWuw.s:27     .text.main:00000000 main
C:\Users\VITYAL~1\AppData\Local\Temp\ccEszWuw.s:246    .text.main:000000e4 $d
C:\Users\VITYAL~1\AppData\Local\Temp\ccEszWuw.s:284    .bss.pusher:00000000 pusher
C:\Users\VITYAL~1\AppData\Local\Temp\ccEszWuw.s:290    .bss.but_check:00000000 but_check
C:\Users\VITYAL~1\AppData\Local\Temp\ccEszWuw.s:278    .bss.first_led:00000000 first_led
C:\Users\VITYAL~1\AppData\Local\Temp\ccEszWuw.s:272    .bss.second_led:00000000 second_led
C:\Users\VITYAL~1\AppData\Local\Temp\ccEszWuw.s:266    .bss.third_led:00000000 third_led
C:\Users\VITYAL~1\AppData\Local\Temp\ccEszWuw.s:260    .bss.fourth_led:00000000 fourth_led
C:\Users\VITYAL~1\AppData\Local\Temp\ccEszWuw.s:261    .bss.fourth_led:00000000 $d
C:\Users\VITYAL~1\AppData\Local\Temp\ccEszWuw.s:267    .bss.third_led:00000000 $d
C:\Users\VITYAL~1\AppData\Local\Temp\ccEszWuw.s:273    .bss.second_led:00000000 $d
C:\Users\VITYAL~1\AppData\Local\Temp\ccEszWuw.s:279    .bss.first_led:00000000 $d
C:\Users\VITYAL~1\AppData\Local\Temp\ccEszWuw.s:285    .bss.pusher:00000000 $d
C:\Users\VITYAL~1\AppData\Local\Temp\ccEszWuw.s:291    .bss.but_check:00000000 $d

UNDEFINED SYMBOLS
GPIO_INIT
main_process
time_skeeper
diode_mode
