ARM GAS  C:\Users\VITYAL~1\AppData\Local\Temp\ccCITjWc.s 			page 1


   1              		.cpu cortex-m4
   2              		.arch armv7e-m
   3              		.fpu fpv4-sp-d16
   4              		.eabi_attribute 27, 1
   5              		.eabi_attribute 28, 1
   6              		.eabi_attribute 20, 1
   7              		.eabi_attribute 21, 1
   8              		.eabi_attribute 23, 3
   9              		.eabi_attribute 24, 1
  10              		.eabi_attribute 25, 1
  11              		.eabi_attribute 26, 1
  12              		.eabi_attribute 30, 1
  13              		.eabi_attribute 34, 1
  14              		.eabi_attribute 18, 4
  15              		.file	"main.c"
  16              		.text
  17              	.Ltext0:
  18              		.cfi_sections	.debug_frame
  19              		.file 1 "Core/Scr/main.c"
  20              		.global	__aeabi_i2d
  21              		.global	__aeabi_dmul
  22              		.global	__aeabi_d2ulz
  23              		.section	.text.main,"ax",%progbits
  24              		.align	1
  25              		.global	main
  26              		.syntax unified
  27              		.thumb
  28              		.thumb_func
  30              	main:
  31              	.LFB130:
   1:Core/Scr/main.c **** #include "../../CMSIS/Devices/STM32F4xx/Inc/STM32F411xE/stm32f411xe.h"
   2:Core/Scr/main.c **** #include "../../CMSIS/Devices/STM32F4xx/Inc/stm32f4xx.h"
   3:Core/Scr/main.c **** #include <math.h>
   4:Core/Scr/main.c **** #include "../Inc/init.h"
   5:Core/Scr/main.c **** int main(void)
   6:Core/Scr/main.c **** {
  32              		.loc 1 6 1 view -0
  33              		.cfi_startproc
  34              		@ args = 0, pretend = 0, frame = 0
  35              		@ frame_needed = 0, uses_anonymous_args = 0
  36 0000 F8B5     		push	{r3, r4, r5, r6, r7, lr}
  37              	.LCFI0:
  38              		.cfi_def_cfa_offset 24
  39              		.cfi_offset 3, -24
  40              		.cfi_offset 4, -20
  41              		.cfi_offset 5, -16
  42              		.cfi_offset 6, -12
  43              		.cfi_offset 7, -8
  44              		.cfi_offset 14, -4
   7:Core/Scr/main.c ****     uint32_t counter = 0;
  45              		.loc 1 7 5 view .LVU1
  46              	.LVL0:
   8:Core/Scr/main.c ****     Init_of_myself_macroses();
  47              		.loc 1 8 5 view .LVU2
  48 0002 FFF7FEFF 		bl	Init_of_myself_macroses
  49              	.LVL1:
   9:Core/Scr/main.c ****     Init_of_hand_writing();
ARM GAS  C:\Users\VITYAL~1\AppData\Local\Temp\ccCITjWc.s 			page 2


  50              		.loc 1 9 5 view .LVU3
  51 0006 FFF7FEFF 		bl	Init_of_hand_writing
  52              	.LVL2:
  10:Core/Scr/main.c ****     Init_with_macroses();
  53              		.loc 1 10 5 view .LVU4
  54 000a FFF7FEFF 		bl	Init_with_macroses
  55              	.LVL3:
  11:Core/Scr/main.c ****     int but_check = 0;
  56              		.loc 1 11 5 view .LVU5
  12:Core/Scr/main.c ****     int herz = 1;
  57              		.loc 1 12 5 view .LVU6
  58              		.loc 1 12 9 is_stmt 0 view .LVU7
  59 000e 0126     		movs	r6, #1
  11:Core/Scr/main.c ****     int but_check = 0;
  60              		.loc 1 11 9 view .LVU8
  61 0010 0025     		movs	r5, #0
   7:Core/Scr/main.c ****     Init_of_myself_macroses();
  62              		.loc 1 7 14 view .LVU9
  63 0012 2C46     		mov	r4, r5
  64 0014 00E0     		b	.L2
  65              	.LVL4:
  66              	.L4:
  67              	.LBB2:
  13:Core/Scr/main.c ****     while (1)
  14:Core/Scr/main.c ****     {
  15:Core/Scr/main.c ****         while(READ_BIT(GPIOC->IDR, GPIO_IDR_ID13) == RESET)
  16:Core/Scr/main.c ****         {
  17:Core/Scr/main.c ****             counter++;  
  68              		.loc 1 17 13 is_stmt 1 view .LVU10
  69              		.loc 1 17 20 is_stmt 0 view .LVU11
  70 0016 0134     		adds	r4, r4, #1
  71              	.LVL5:
  72              	.L2:
  15:Core/Scr/main.c ****         {
  73              		.loc 1 15 51 is_stmt 1 view .LVU12
  15:Core/Scr/main.c ****         {
  74              		.loc 1 15 15 is_stmt 0 view .LVU13
  75 0018 A34B     		ldr	r3, .L42+16
  76 001a 1B69     		ldr	r3, [r3, #16]
  15:Core/Scr/main.c ****         {
  77              		.loc 1 15 51 view .LVU14
  78 001c 13F4005F 		tst	r3, #8192
  79 0020 F9D0     		beq	.L4
  18:Core/Scr/main.c ****         }
  19:Core/Scr/main.c ****         if(counter < 10000)
  80              		.loc 1 19 9 is_stmt 1 view .LVU15
  81              		.loc 1 19 11 is_stmt 0 view .LVU16
  82 0022 42F20F73 		movw	r3, #9999
  83 0026 9C42     		cmp	r4, r3
  84 0028 00D8     		bhi	.L5
  20:Core/Scr/main.c ****         {
  21:Core/Scr/main.c ****             counter = 0;
  85              		.loc 1 21 21 view .LVU17
  86 002a 0024     		movs	r4, #0
  87              	.LVL6:
  88              	.L5:
  22:Core/Scr/main.c ****         }
ARM GAS  C:\Users\VITYAL~1\AppData\Local\Temp\ccCITjWc.s 			page 3


  23:Core/Scr/main.c ****         if (counter > 10000 && counter < 300000)
  89              		.loc 1 23 9 is_stmt 1 view .LVU18
  90              		.loc 1 23 29 is_stmt 0 view .LVU19
  91 002c A4F51C53 		sub	r3, r4, #9984
  92 0030 113B     		subs	r3, r3, #17
  93              		.loc 1 23 12 view .LVU20
  94 0032 9E4A     		ldr	r2, .L42+20
  95 0034 9342     		cmp	r3, r2
  96 0036 20D8     		bhi	.L6
  24:Core/Scr/main.c ****         {
  25:Core/Scr/main.c ****             but_check++;
  97              		.loc 1 25 13 is_stmt 1 view .LVU21
  98              		.loc 1 25 22 is_stmt 0 view .LVU22
  99 0038 0135     		adds	r5, r5, #1
 100              	.LVL7:
  26:Core/Scr/main.c ****             counter = 0;
 101              		.loc 1 26 13 is_stmt 1 view .LVU23
 102              		.loc 1 26 21 is_stmt 0 view .LVU24
 103 003a 0024     		movs	r4, #0
 104              	.LVL8:
 105              	.L7:
  27:Core/Scr/main.c ****         }
  28:Core/Scr/main.c ****         else if(counter > 10000)
  29:Core/Scr/main.c ****         {
  30:Core/Scr/main.c ****             herz++;
  31:Core/Scr/main.c ****             counter = 0;
  32:Core/Scr/main.c ****         }
  33:Core/Scr/main.c ****         if (but_check > 5)
 106              		.loc 1 33 9 is_stmt 1 view .LVU25
 107              		.loc 1 33 12 is_stmt 0 view .LVU26
 108 003c 052D     		cmp	r5, #5
 109 003e 00DD     		ble	.L8
  34:Core/Scr/main.c ****         {
  35:Core/Scr/main.c ****             but_check = 0;
 110              		.loc 1 35 23 view .LVU27
 111 0040 0025     		movs	r5, #0
 112              	.LVL9:
 113              	.L8:
  36:Core/Scr/main.c ****         }
  37:Core/Scr/main.c ****         if(herz > 3)
 114              		.loc 1 37 9 is_stmt 1 view .LVU28
 115              		.loc 1 37 11 is_stmt 0 view .LVU29
 116 0042 032E     		cmp	r6, #3
 117 0044 00DD     		ble	.L9
  38:Core/Scr/main.c ****         {
  39:Core/Scr/main.c ****             herz = 1;
 118              		.loc 1 39 18 view .LVU30
 119 0046 0126     		movs	r6, #1
 120              	.LVL10:
 121              	.L9:
  40:Core/Scr/main.c ****         }
  41:Core/Scr/main.c ****         uint64_t delay = pow(herz, 3) * 25000;
 122              		.loc 1 41 9 is_stmt 1 view .LVU31
 123              		.loc 1 41 26 is_stmt 0 view .LVU32
 124 0048 3046     		mov	r0, r6
 125 004a FFF7FEFF 		bl	__aeabi_i2d
 126              	.LVL11:
ARM GAS  C:\Users\VITYAL~1\AppData\Local\Temp\ccCITjWc.s 			page 4


 127 004e 9FED921B 		vldr.64	d1, .L42
 128 0052 41EC100B 		vmov	d0, r0, r1
 129 0056 FFF7FEFF 		bl	pow
 130              	.LVL12:
 131 005a 51EC100B 		vmov	r0, r1, d0
 132              		.loc 1 41 39 discriminator 1 view .LVU33
 133 005e 90A3     		adr	r3, .L42+8
 134 0060 D3E90023 		ldrd	r2, [r3]
 135 0064 FFF7FEFF 		bl	__aeabi_dmul
 136              	.LVL13:
 137              		.loc 1 41 18 discriminator 1 view .LVU34
 138 0068 FFF7FEFF 		bl	__aeabi_d2ulz
 139              	.LVL14:
  42:Core/Scr/main.c ****         switch (but_check)
 140              		.loc 1 42 9 is_stmt 1 view .LVU35
 141 006c 052D     		cmp	r5, #5
 142 006e D3D8     		bhi	.L2
 143 0070 DFE805F0 		tbb	[pc, r5]
 144              	.L11:
 145 0074 0A       		.byte	(.L16-.L11)/2
 146 0075 1B       		.byte	(.L15-.L11)/2
 147 0076 43       		.byte	(.L14-.L11)/2
 148 0077 72       		.byte	(.L13-.L11)/2
 149 0078 9F       		.byte	(.L12-.L11)/2
 150 0079 CC       		.byte	(.L10-.L11)/2
 151              	.LVL15:
 152              		.p2align 1
 153              	.L6:
  28:Core/Scr/main.c ****         {
 154              		.loc 1 28 14 view .LVU36
  28:Core/Scr/main.c ****         {
 155              		.loc 1 28 16 is_stmt 0 view .LVU37
 156 007a 42F21073 		movw	r3, #10000
 157 007e 9C42     		cmp	r4, r3
 158 0080 DCD9     		bls	.L7
  30:Core/Scr/main.c ****             counter = 0;
 159              		.loc 1 30 13 is_stmt 1 view .LVU38
  30:Core/Scr/main.c ****             counter = 0;
 160              		.loc 1 30 17 is_stmt 0 view .LVU39
 161 0082 0136     		adds	r6, r6, #1
 162              	.LVL16:
  31:Core/Scr/main.c ****         }
 163              		.loc 1 31 13 is_stmt 1 view .LVU40
  31:Core/Scr/main.c ****         }
 164              		.loc 1 31 21 is_stmt 0 view .LVU41
 165 0084 0024     		movs	r4, #0
 166 0086 D9E7     		b	.L7
 167              	.LVL17:
 168              	.L16:
  43:Core/Scr/main.c ****         {
  44:Core/Scr/main.c ****         case 0:
  45:Core/Scr/main.c ****             RCC_GPIOA_BSRR |= P4_LOW;
 169              		.loc 1 45 13 is_stmt 1 view .LVU42
 170 0088 894B     		ldr	r3, .L42+24
 171 008a 9A69     		ldr	r2, [r3, #24]
 172              		.loc 1 45 28 is_stmt 0 view .LVU43
 173 008c 42F48012 		orr	r2, r2, #1048576
ARM GAS  C:\Users\VITYAL~1\AppData\Local\Temp\ccCITjWc.s 			page 5


 174 0090 9A61     		str	r2, [r3, #24]
  46:Core/Scr/main.c ****             *(uint32_t *)(0x40020400UL + 0x18UL) |= 0x10000UL;
 175              		.loc 1 46 13 is_stmt 1 view .LVU44
 176 0092 D3F81824 		ldr	r2, [r3, #1048]
 177              		.loc 1 46 50 is_stmt 0 view .LVU45
 178 0096 42F48032 		orr	r2, r2, #65536
 179 009a C3F81824 		str	r2, [r3, #1048]
  47:Core/Scr/main.c ****             GPIOC->BSRR |= GPIO_BSRR_BR0 + GPIO_BSRR_BR1;
 180              		.loc 1 47 13 is_stmt 1 view .LVU46
 181              		.loc 1 47 18 is_stmt 0 view .LVU47
 182 009e 824A     		ldr	r2, .L42+16
 183 00a0 9369     		ldr	r3, [r2, #24]
 184              		.loc 1 47 25 view .LVU48
 185 00a2 43F44033 		orr	r3, r3, #196608
 186 00a6 9361     		str	r3, [r2, #24]
  48:Core/Scr/main.c ****             break;
 187              		.loc 1 48 13 is_stmt 1 view .LVU49
 188 00a8 B6E7     		b	.L2
 189              	.L15:
  49:Core/Scr/main.c ****         case 1:
  50:Core/Scr/main.c ****             *(uint32_t *)(0x40020400UL + 0x18UL) |= 0x10000UL;
 190              		.loc 1 50 13 view .LVU50
 191 00aa 814A     		ldr	r2, .L42+24
 192 00ac D2F81834 		ldr	r3, [r2, #1048]
 193              		.loc 1 50 50 is_stmt 0 view .LVU51
 194 00b0 43F48033 		orr	r3, r3, #65536
 195 00b4 C2F81834 		str	r3, [r2, #1048]
  51:Core/Scr/main.c ****             GPIOC->BSRR |= GPIO_BSRR_BR0 + GPIO_BSRR_BR1;
 196              		.loc 1 51 13 is_stmt 1 view .LVU52
 197              		.loc 1 51 18 is_stmt 0 view .LVU53
 198 00b8 02F50062 		add	r2, r2, #2048
 199 00bc 9369     		ldr	r3, [r2, #24]
 200              		.loc 1 51 25 view .LVU54
 201 00be 43F44033 		orr	r3, r3, #196608
 202 00c2 9361     		str	r3, [r2, #24]
  52:Core/Scr/main.c ****             for(uint32_t i = 0; i < delay; i++)
 203              		.loc 1 52 13 is_stmt 1 view .LVU55
 204              	.LBB3:
 205              		.loc 1 52 17 view .LVU56
 206              	.LVL18:
 207              		.loc 1 52 26 is_stmt 0 view .LVU57
 208 00c4 0022     		movs	r2, #0
 209              		.loc 1 52 13 view .LVU58
 210 00c6 05E0     		b	.L17
 211              	.LVL19:
 212              	.L18:
  53:Core/Scr/main.c ****             {
  54:Core/Scr/main.c ****                 RCC_GPIOA_BSRR |= P4_HIGH;
 213              		.loc 1 54 17 is_stmt 1 view .LVU59
 214 00c8 794F     		ldr	r7, .L42+24
 215 00ca BB69     		ldr	r3, [r7, #24]
 216              		.loc 1 54 32 is_stmt 0 view .LVU60
 217 00cc 43F01003 		orr	r3, r3, #16
 218 00d0 BB61     		str	r3, [r7, #24]
  52:Core/Scr/main.c ****             for(uint32_t i = 0; i < delay; i++)
 219              		.loc 1 52 45 is_stmt 1 discriminator 3 view .LVU61
 220 00d2 0132     		adds	r2, r2, #1
ARM GAS  C:\Users\VITYAL~1\AppData\Local\Temp\ccCITjWc.s 			page 6


 221              	.LVL20:
 222              	.L17:
  52:Core/Scr/main.c ****             for(uint32_t i = 0; i < delay; i++)
 223              		.loc 1 52 35 discriminator 1 view .LVU62
 224 00d4 8242     		cmp	r2, r0
 225 00d6 4FF00003 		mov	r3, #0
 226 00da 8B41     		sbcs	r3, r3, r1
 227 00dc F4D3     		bcc	.L18
 228              	.LBE3:
 229              	.LBB4:
  55:Core/Scr/main.c ****             }
  56:Core/Scr/main.c ****             for(uint32_t i = 0; i < delay; i++)
 230              		.loc 1 56 26 is_stmt 0 view .LVU63
 231 00de 0022     		movs	r2, #0
 232              	.LVL21:
 233              		.loc 1 56 26 view .LVU64
 234 00e0 05E0     		b	.L19
 235              	.LVL22:
 236              	.L20:
  57:Core/Scr/main.c ****             {
  58:Core/Scr/main.c ****                 RCC_GPIOA_BSRR |= P4_LOW;
 237              		.loc 1 58 17 is_stmt 1 view .LVU65
 238 00e2 734F     		ldr	r7, .L42+24
 239 00e4 BB69     		ldr	r3, [r7, #24]
 240              		.loc 1 58 32 is_stmt 0 view .LVU66
 241 00e6 43F48013 		orr	r3, r3, #1048576
 242 00ea BB61     		str	r3, [r7, #24]
  56:Core/Scr/main.c ****             {
 243              		.loc 1 56 45 is_stmt 1 discriminator 3 view .LVU67
 244 00ec 0132     		adds	r2, r2, #1
 245              	.LVL23:
 246              	.L19:
  56:Core/Scr/main.c ****             {
 247              		.loc 1 56 35 discriminator 1 view .LVU68
 248 00ee 8242     		cmp	r2, r0
 249 00f0 4FF00003 		mov	r3, #0
 250 00f4 8B41     		sbcs	r3, r3, r1
 251 00f6 F4D3     		bcc	.L20
 252 00f8 8EE7     		b	.L2
 253              	.LVL24:
 254              	.L14:
  56:Core/Scr/main.c ****             {
 255              		.loc 1 56 35 is_stmt 0 discriminator 1 view .LVU69
 256              	.LBE4:
  59:Core/Scr/main.c ****             }
  60:Core/Scr/main.c ****             break;
  61:Core/Scr/main.c ****         case 2:
  62:Core/Scr/main.c ****             RCC_GPIOA_BSRR |= P4_LOW;
 257              		.loc 1 62 13 is_stmt 1 view .LVU70
 258 00fa 6D4B     		ldr	r3, .L42+24
 259 00fc 9A69     		ldr	r2, [r3, #24]
 260              		.loc 1 62 28 is_stmt 0 view .LVU71
 261 00fe 42F48012 		orr	r2, r2, #1048576
 262 0102 9A61     		str	r2, [r3, #24]
  63:Core/Scr/main.c ****             *(uint32_t *)(0x40020400UL + 0x18UL) |= 0x1UL;
 263              		.loc 1 63 13 is_stmt 1 view .LVU72
 264 0104 D3F81824 		ldr	r2, [r3, #1048]
ARM GAS  C:\Users\VITYAL~1\AppData\Local\Temp\ccCITjWc.s 			page 7


 265              		.loc 1 63 50 is_stmt 0 view .LVU73
 266 0108 42F00102 		orr	r2, r2, #1
 267 010c C3F81824 		str	r2, [r3, #1048]
  64:Core/Scr/main.c ****             GPIOC->BSRR |= GPIO_BSRR_BR0 + GPIO_BSRR_BR1;
 268              		.loc 1 64 13 is_stmt 1 view .LVU74
 269              		.loc 1 64 18 is_stmt 0 view .LVU75
 270 0110 654A     		ldr	r2, .L42+16
 271 0112 9369     		ldr	r3, [r2, #24]
 272              		.loc 1 64 25 view .LVU76
 273 0114 43F44033 		orr	r3, r3, #196608
 274 0118 9361     		str	r3, [r2, #24]
  65:Core/Scr/main.c ****               for(uint32_t i = 0; i < delay; i++)
 275              		.loc 1 65 15 is_stmt 1 view .LVU77
 276              	.LBB5:
 277              		.loc 1 65 19 view .LVU78
 278              	.LVL25:
 279              		.loc 1 65 28 is_stmt 0 view .LVU79
 280 011a 0022     		movs	r2, #0
 281              		.loc 1 65 15 view .LVU80
 282 011c 07E0     		b	.L21
 283              	.LVL26:
 284              	.L22:
  66:Core/Scr/main.c ****             {
  67:Core/Scr/main.c ****                 *(uint32_t *)(0x40020400UL + 0x18UL) |= 0x1UL;
 285              		.loc 1 67 17 is_stmt 1 view .LVU81
 286 011e 644F     		ldr	r7, .L42+24
 287 0120 D7F81834 		ldr	r3, [r7, #1048]
 288              		.loc 1 67 54 is_stmt 0 view .LVU82
 289 0124 43F00103 		orr	r3, r3, #1
 290 0128 C7F81834 		str	r3, [r7, #1048]
  65:Core/Scr/main.c ****               for(uint32_t i = 0; i < delay; i++)
 291              		.loc 1 65 47 is_stmt 1 discriminator 3 view .LVU83
 292 012c 0132     		adds	r2, r2, #1
 293              	.LVL27:
 294              	.L21:
  65:Core/Scr/main.c ****               for(uint32_t i = 0; i < delay; i++)
 295              		.loc 1 65 37 discriminator 1 view .LVU84
 296 012e 8242     		cmp	r2, r0
 297 0130 4FF00003 		mov	r3, #0
 298 0134 8B41     		sbcs	r3, r3, r1
 299 0136 F2D3     		bcc	.L22
 300              	.LBE5:
 301              	.LBB6:
  68:Core/Scr/main.c ****             }
  69:Core/Scr/main.c ****             for(uint32_t i = 0; i < delay; i++)
 302              		.loc 1 69 26 is_stmt 0 view .LVU85
 303 0138 0022     		movs	r2, #0
 304              	.LVL28:
 305              		.loc 1 69 26 view .LVU86
 306 013a 07E0     		b	.L23
 307              	.LVL29:
 308              	.L24:
  70:Core/Scr/main.c ****             {
  71:Core/Scr/main.c ****                 *(uint32_t *)(0x40020400UL + 0x18UL) |= 0x10000UL;
 309              		.loc 1 71 17 is_stmt 1 view .LVU87
 310 013c 5C4F     		ldr	r7, .L42+24
 311 013e D7F81834 		ldr	r3, [r7, #1048]
ARM GAS  C:\Users\VITYAL~1\AppData\Local\Temp\ccCITjWc.s 			page 8


 312              		.loc 1 71 54 is_stmt 0 view .LVU88
 313 0142 43F48033 		orr	r3, r3, #65536
 314 0146 C7F81834 		str	r3, [r7, #1048]
  69:Core/Scr/main.c ****             {
 315              		.loc 1 69 45 is_stmt 1 discriminator 3 view .LVU89
 316 014a 0132     		adds	r2, r2, #1
 317              	.LVL30:
 318              	.L23:
  69:Core/Scr/main.c ****             {
 319              		.loc 1 69 35 discriminator 1 view .LVU90
 320 014c 8242     		cmp	r2, r0
 321 014e 4FF00003 		mov	r3, #0
 322 0152 8B41     		sbcs	r3, r3, r1
 323 0154 F2D3     		bcc	.L24
 324 0156 5FE7     		b	.L2
 325              	.LVL31:
 326              	.L13:
  69:Core/Scr/main.c ****             {
 327              		.loc 1 69 35 is_stmt 0 discriminator 1 view .LVU91
 328              	.LBE6:
  72:Core/Scr/main.c ****             }
  73:Core/Scr/main.c ****             break;
  74:Core/Scr/main.c ****         case 3:
  75:Core/Scr/main.c ****             RCC_GPIOA_BSRR |= P4_LOW;
 329              		.loc 1 75 13 is_stmt 1 view .LVU92
 330 0158 554B     		ldr	r3, .L42+24
 331 015a 9A69     		ldr	r2, [r3, #24]
 332              		.loc 1 75 28 is_stmt 0 view .LVU93
 333 015c 42F48012 		orr	r2, r2, #1048576
 334 0160 9A61     		str	r2, [r3, #24]
  76:Core/Scr/main.c ****             *(uint32_t *)(0x40020400UL + 0x18UL) |= 0x10000UL;
 335              		.loc 1 76 13 is_stmt 1 view .LVU94
 336 0162 D3F81824 		ldr	r2, [r3, #1048]
 337              		.loc 1 76 50 is_stmt 0 view .LVU95
 338 0166 42F48032 		orr	r2, r2, #65536
 339 016a C3F81824 		str	r2, [r3, #1048]
  77:Core/Scr/main.c ****             GPIOC->BSRR |= GPIO_BSRR_BR0 + GPIO_BSRR_BS1;
 340              		.loc 1 77 13 is_stmt 1 view .LVU96
 341              		.loc 1 77 18 is_stmt 0 view .LVU97
 342 016e 4E4A     		ldr	r2, .L42+16
 343 0170 9369     		ldr	r3, [r2, #24]
 344              		.loc 1 77 25 view .LVU98
 345 0172 43F48033 		orr	r3, r3, #65536
 346 0176 43F00203 		orr	r3, r3, #2
 347 017a 9361     		str	r3, [r2, #24]
  78:Core/Scr/main.c ****               for(uint32_t i = 0; i < delay; i++)
 348              		.loc 1 78 15 is_stmt 1 view .LVU99
 349              	.LBB7:
 350              		.loc 1 78 19 view .LVU100
 351              	.LVL32:
 352              		.loc 1 78 28 is_stmt 0 view .LVU101
 353 017c 0022     		movs	r2, #0
 354              		.loc 1 78 15 view .LVU102
 355 017e 05E0     		b	.L25
 356              	.LVL33:
 357              	.L26:
  79:Core/Scr/main.c ****             {
ARM GAS  C:\Users\VITYAL~1\AppData\Local\Temp\ccCITjWc.s 			page 9


  80:Core/Scr/main.c ****                 GPIOC->BSRR |= GPIO_BSRR_BS1;
 358              		.loc 1 80 17 is_stmt 1 view .LVU103
 359              		.loc 1 80 22 is_stmt 0 view .LVU104
 360 0180 494F     		ldr	r7, .L42+16
 361 0182 BB69     		ldr	r3, [r7, #24]
 362              		.loc 1 80 29 view .LVU105
 363 0184 43F00203 		orr	r3, r3, #2
 364 0188 BB61     		str	r3, [r7, #24]
  78:Core/Scr/main.c ****               for(uint32_t i = 0; i < delay; i++)
 365              		.loc 1 78 47 is_stmt 1 discriminator 3 view .LVU106
 366 018a 0132     		adds	r2, r2, #1
 367              	.LVL34:
 368              	.L25:
  78:Core/Scr/main.c ****               for(uint32_t i = 0; i < delay; i++)
 369              		.loc 1 78 37 discriminator 1 view .LVU107
 370 018c 8242     		cmp	r2, r0
 371 018e 4FF00003 		mov	r3, #0
 372 0192 8B41     		sbcs	r3, r3, r1
 373 0194 F4D3     		bcc	.L26
 374              	.LBE7:
 375              	.LBB8:
  81:Core/Scr/main.c ****             }
  82:Core/Scr/main.c ****             for(uint32_t i = 0; i < delay; i++)
 376              		.loc 1 82 26 is_stmt 0 view .LVU108
 377 0196 0022     		movs	r2, #0
 378              	.LVL35:
 379              		.loc 1 82 26 view .LVU109
 380 0198 05E0     		b	.L27
 381              	.LVL36:
 382              	.L28:
  83:Core/Scr/main.c ****             {
  84:Core/Scr/main.c ****                 GPIOC->BSRR |= GPIO_BSRR_BR1;
 383              		.loc 1 84 17 is_stmt 1 view .LVU110
 384              		.loc 1 84 22 is_stmt 0 view .LVU111
 385 019a 434F     		ldr	r7, .L42+16
 386 019c BB69     		ldr	r3, [r7, #24]
 387              		.loc 1 84 29 view .LVU112
 388 019e 43F40033 		orr	r3, r3, #131072
 389 01a2 BB61     		str	r3, [r7, #24]
  82:Core/Scr/main.c ****             {
 390              		.loc 1 82 45 is_stmt 1 discriminator 3 view .LVU113
 391 01a4 0132     		adds	r2, r2, #1
 392              	.LVL37:
 393              	.L27:
  82:Core/Scr/main.c ****             {
 394              		.loc 1 82 35 discriminator 1 view .LVU114
 395 01a6 8242     		cmp	r2, r0
 396 01a8 4FF00003 		mov	r3, #0
 397 01ac 8B41     		sbcs	r3, r3, r1
 398 01ae F4D3     		bcc	.L28
 399 01b0 32E7     		b	.L2
 400              	.LVL38:
 401              	.L12:
  82:Core/Scr/main.c ****             {
 402              		.loc 1 82 35 is_stmt 0 discriminator 1 view .LVU115
 403              	.LBE8:
  85:Core/Scr/main.c ****             }
ARM GAS  C:\Users\VITYAL~1\AppData\Local\Temp\ccCITjWc.s 			page 10


  86:Core/Scr/main.c ****             break;
  87:Core/Scr/main.c ****             break;
  88:Core/Scr/main.c ****         case 4:
  89:Core/Scr/main.c ****             RCC_GPIOA_BSRR |= P4_LOW;
 404              		.loc 1 89 13 is_stmt 1 view .LVU116
 405 01b2 3F4B     		ldr	r3, .L42+24
 406 01b4 9A69     		ldr	r2, [r3, #24]
 407              		.loc 1 89 28 is_stmt 0 view .LVU117
 408 01b6 42F48012 		orr	r2, r2, #1048576
 409 01ba 9A61     		str	r2, [r3, #24]
  90:Core/Scr/main.c ****             *(uint32_t *)(0x40020400UL + 0x18UL) |= 0x10000UL;
 410              		.loc 1 90 13 is_stmt 1 view .LVU118
 411 01bc D3F81824 		ldr	r2, [r3, #1048]
 412              		.loc 1 90 50 is_stmt 0 view .LVU119
 413 01c0 42F48032 		orr	r2, r2, #65536
 414 01c4 C3F81824 		str	r2, [r3, #1048]
  91:Core/Scr/main.c ****             GPIOC->BSRR |= GPIO_BSRR_BS0 + GPIO_BSRR_BR1;
 415              		.loc 1 91 13 is_stmt 1 view .LVU120
 416              		.loc 1 91 18 is_stmt 0 view .LVU121
 417 01c8 374A     		ldr	r2, .L42+16
 418 01ca 9369     		ldr	r3, [r2, #24]
 419              		.loc 1 91 25 view .LVU122
 420 01cc 43F40033 		orr	r3, r3, #131072
 421 01d0 43F00103 		orr	r3, r3, #1
 422 01d4 9361     		str	r3, [r2, #24]
  92:Core/Scr/main.c ****               for(uint32_t i = 0; i < delay; i++)
 423              		.loc 1 92 15 is_stmt 1 view .LVU123
 424              	.LBB9:
 425              		.loc 1 92 19 view .LVU124
 426              	.LVL39:
 427              		.loc 1 92 28 is_stmt 0 view .LVU125
 428 01d6 0022     		movs	r2, #0
 429              		.loc 1 92 15 view .LVU126
 430 01d8 05E0     		b	.L29
 431              	.LVL40:
 432              	.L30:
  93:Core/Scr/main.c ****             {
  94:Core/Scr/main.c ****                 GPIOC->BSRR |= GPIO_BSRR_BS0;
 433              		.loc 1 94 17 is_stmt 1 view .LVU127
 434              		.loc 1 94 22 is_stmt 0 view .LVU128
 435 01da 334F     		ldr	r7, .L42+16
 436 01dc BB69     		ldr	r3, [r7, #24]
 437              		.loc 1 94 29 view .LVU129
 438 01de 43F00103 		orr	r3, r3, #1
 439 01e2 BB61     		str	r3, [r7, #24]
  92:Core/Scr/main.c ****               for(uint32_t i = 0; i < delay; i++)
 440              		.loc 1 92 47 is_stmt 1 discriminator 3 view .LVU130
 441 01e4 0132     		adds	r2, r2, #1
 442              	.LVL41:
 443              	.L29:
  92:Core/Scr/main.c ****               for(uint32_t i = 0; i < delay; i++)
 444              		.loc 1 92 37 discriminator 1 view .LVU131
 445 01e6 8242     		cmp	r2, r0
 446 01e8 4FF00003 		mov	r3, #0
 447 01ec 8B41     		sbcs	r3, r3, r1
 448 01ee F4D3     		bcc	.L30
 449              	.LBE9:
ARM GAS  C:\Users\VITYAL~1\AppData\Local\Temp\ccCITjWc.s 			page 11


 450              	.LBB10:
  95:Core/Scr/main.c ****             }
  96:Core/Scr/main.c ****             for(uint32_t i = 0; i < delay; i++)
 451              		.loc 1 96 26 is_stmt 0 view .LVU132
 452 01f0 0022     		movs	r2, #0
 453              	.LVL42:
 454              		.loc 1 96 26 view .LVU133
 455 01f2 05E0     		b	.L31
 456              	.LVL43:
 457              	.L32:
  97:Core/Scr/main.c ****             {
  98:Core/Scr/main.c ****                 GPIOC->BSRR |= GPIO_BSRR_BR0;
 458              		.loc 1 98 17 is_stmt 1 view .LVU134
 459              		.loc 1 98 22 is_stmt 0 view .LVU135
 460 01f4 2C4F     		ldr	r7, .L42+16
 461 01f6 BB69     		ldr	r3, [r7, #24]
 462              		.loc 1 98 29 view .LVU136
 463 01f8 43F48033 		orr	r3, r3, #65536
 464 01fc BB61     		str	r3, [r7, #24]
  96:Core/Scr/main.c ****             {
 465              		.loc 1 96 45 is_stmt 1 discriminator 3 view .LVU137
 466 01fe 0132     		adds	r2, r2, #1
 467              	.LVL44:
 468              	.L31:
  96:Core/Scr/main.c ****             {
 469              		.loc 1 96 35 discriminator 1 view .LVU138
 470 0200 8242     		cmp	r2, r0
 471 0202 4FF00003 		mov	r3, #0
 472 0206 8B41     		sbcs	r3, r3, r1
 473 0208 F4D3     		bcc	.L32
 474 020a 05E7     		b	.L2
 475              	.LVL45:
 476              	.L10:
  96:Core/Scr/main.c ****             {
 477              		.loc 1 96 35 is_stmt 0 discriminator 1 view .LVU139
 478              	.LBE10:
  99:Core/Scr/main.c ****             }
 100:Core/Scr/main.c ****             break;
 101:Core/Scr/main.c ****         case 5:
 102:Core/Scr/main.c ****             *(uint32_t *)(0x40020400UL + 0x18UL) |= 0x1UL;
 479              		.loc 1 102 13 is_stmt 1 view .LVU140
 480 020c 284B     		ldr	r3, .L42+24
 481 020e D3F81824 		ldr	r2, [r3, #1048]
 482              		.loc 1 102 50 is_stmt 0 view .LVU141
 483 0212 42F00102 		orr	r2, r2, #1
 484 0216 C3F81824 		str	r2, [r3, #1048]
 103:Core/Scr/main.c ****             RCC_GPIOA_BSRR |= P4_HIGH;
 485              		.loc 1 103 13 is_stmt 1 view .LVU142
 486 021a 9A69     		ldr	r2, [r3, #24]
 487              		.loc 1 103 28 is_stmt 0 view .LVU143
 488 021c 42F01002 		orr	r2, r2, #16
 489 0220 9A61     		str	r2, [r3, #24]
 104:Core/Scr/main.c ****             GPIOC->BSRR |= GPIO_BSRR_BS0 + GPIO_BSRR_BS1;
 490              		.loc 1 104 13 is_stmt 1 view .LVU144
 491              		.loc 1 104 18 is_stmt 0 view .LVU145
 492 0222 214A     		ldr	r2, .L42+16
 493 0224 9369     		ldr	r3, [r2, #24]
ARM GAS  C:\Users\VITYAL~1\AppData\Local\Temp\ccCITjWc.s 			page 12


 494              		.loc 1 104 25 view .LVU146
 495 0226 43F00303 		orr	r3, r3, #3
 496 022a 9361     		str	r3, [r2, #24]
 105:Core/Scr/main.c ****               for(uint32_t i = 0; i < delay; i++)
 497              		.loc 1 105 15 is_stmt 1 view .LVU147
 498              	.LBB11:
 499              		.loc 1 105 19 view .LVU148
 500              	.LVL46:
 501              		.loc 1 105 28 is_stmt 0 view .LVU149
 502 022c 4FF0000C 		mov	ip, #0
 503              		.loc 1 105 15 view .LVU150
 504 0230 11E0     		b	.L33
 505              	.LVL47:
 506              	.L34:
 106:Core/Scr/main.c ****             {
 107:Core/Scr/main.c ****                 *(uint32_t *)(0x40020400UL + 0x18UL) |= 0x1UL;
 507              		.loc 1 107 17 is_stmt 1 view .LVU151
 508 0232 1F4B     		ldr	r3, .L42+24
 509 0234 D3F81824 		ldr	r2, [r3, #1048]
 510              		.loc 1 107 54 is_stmt 0 view .LVU152
 511 0238 42F00102 		orr	r2, r2, #1
 512 023c C3F81824 		str	r2, [r3, #1048]
 108:Core/Scr/main.c ****             RCC_GPIOA_BSRR |= P4_HIGH;
 513              		.loc 1 108 13 is_stmt 1 view .LVU153
 514 0240 9A69     		ldr	r2, [r3, #24]
 515              		.loc 1 108 28 is_stmt 0 view .LVU154
 516 0242 42F01002 		orr	r2, r2, #16
 517 0246 9A61     		str	r2, [r3, #24]
 109:Core/Scr/main.c ****             GPIOC->BSRR |= GPIO_BSRR_BS0 + GPIO_BSRR_BS1;
 518              		.loc 1 109 13 is_stmt 1 view .LVU155
 519              		.loc 1 109 18 is_stmt 0 view .LVU156
 520 0248 174A     		ldr	r2, .L42+16
 521 024a 9369     		ldr	r3, [r2, #24]
 522              		.loc 1 109 25 view .LVU157
 523 024c 43F00303 		orr	r3, r3, #3
 524 0250 9361     		str	r3, [r2, #24]
 105:Core/Scr/main.c ****             {
 525              		.loc 1 105 47 is_stmt 1 discriminator 3 view .LVU158
 526 0252 0CF1010C 		add	ip, ip, #1
 527              	.LVL48:
 528              	.L33:
 105:Core/Scr/main.c ****             {
 529              		.loc 1 105 37 discriminator 1 view .LVU159
 530 0256 8445     		cmp	ip, r0
 531 0258 4FF00003 		mov	r3, #0
 532 025c 8B41     		sbcs	r3, r3, r1
 533 025e E8D3     		bcc	.L34
 534              	.LBE11:
 535              	.LBB12:
 110:Core/Scr/main.c ****             }
 111:Core/Scr/main.c ****             for(uint32_t i = 0; i < delay; i++)
 536              		.loc 1 111 26 is_stmt 0 view .LVU160
 537 0260 4FF0000C 		mov	ip, #0
 538              	.LVL49:
 539              		.loc 1 111 26 view .LVU161
 540 0264 11E0     		b	.L35
 541              	.LVL50:
ARM GAS  C:\Users\VITYAL~1\AppData\Local\Temp\ccCITjWc.s 			page 13


 542              	.L36:
 112:Core/Scr/main.c ****             {
 113:Core/Scr/main.c ****                 RCC_GPIOA_BSRR |= P4_LOW;
 543              		.loc 1 113 17 is_stmt 1 view .LVU162
 544 0266 124B     		ldr	r3, .L42+24
 545 0268 9A69     		ldr	r2, [r3, #24]
 546              		.loc 1 113 32 is_stmt 0 view .LVU163
 547 026a 42F48012 		orr	r2, r2, #1048576
 548 026e 9A61     		str	r2, [r3, #24]
 114:Core/Scr/main.c ****             *(uint32_t *)(0x40020400UL + 0x18UL) |= 0x10000UL;
 549              		.loc 1 114 13 is_stmt 1 view .LVU164
 550 0270 D3F81824 		ldr	r2, [r3, #1048]
 551              		.loc 1 114 50 is_stmt 0 view .LVU165
 552 0274 42F48032 		orr	r2, r2, #65536
 553 0278 C3F81824 		str	r2, [r3, #1048]
 115:Core/Scr/main.c ****             GPIOC->BSRR |= GPIO_BSRR_BR0 + GPIO_BSRR_BR1;
 554              		.loc 1 115 13 is_stmt 1 view .LVU166
 555              		.loc 1 115 18 is_stmt 0 view .LVU167
 556 027c 0A4A     		ldr	r2, .L42+16
 557 027e 9369     		ldr	r3, [r2, #24]
 558              		.loc 1 115 25 view .LVU168
 559 0280 43F44033 		orr	r3, r3, #196608
 560 0284 9361     		str	r3, [r2, #24]
 111:Core/Scr/main.c ****             {
 561              		.loc 1 111 45 is_stmt 1 discriminator 3 view .LVU169
 562 0286 0CF1010C 		add	ip, ip, #1
 563              	.LVL51:
 564              	.L35:
 111:Core/Scr/main.c ****             {
 565              		.loc 1 111 35 discriminator 1 view .LVU170
 566 028a 8445     		cmp	ip, r0
 567 028c 4FF00003 		mov	r3, #0
 568 0290 8B41     		sbcs	r3, r3, r1
 569 0292 E8D3     		bcc	.L36
 570 0294 C0E6     		b	.L2
 571              	.L43:
 572 0296 00BF     		.align	3
 573              	.L42:
 574 0298 00000000 		.word	0
 575 029c 00000840 		.word	1074266112
 576 02a0 00000000 		.word	0
 577 02a4 006AD840 		.word	1087924736
 578 02a8 00080240 		.word	1073874944
 579 02ac CE6C0400 		.word	289998
 580 02b0 00000240 		.word	1073872896
 581              	.LBE12:
 582              	.LBE2:
 583              		.cfi_endproc
 584              	.LFE130:
 586              		.text
 587              	.Letext0:
 588              		.file 2 "C:/for all/1study/MC_tools/xpack-arm-none-eabi-gcc-13.2.1-1.1/arm-none-eabi/include/machi
 589              		.file 3 "C:/for all/1study/MC_tools/xpack-arm-none-eabi-gcc-13.2.1-1.1/arm-none-eabi/include/sys/_
 590              		.file 4 "Core/Scr/../../CMSIS/Devices/STM32F4xx/Inc/STM32F411xE/stm32f411xe.h"
 591              		.file 5 "Core/Scr/../Inc/init.h"
 592              		.file 6 "Core/Scr/../../CMSIS/Devices/STM32F4xx/Inc/stm32f4xx.h"
 593              		.file 7 "C:/for all/1study/MC_tools/xpack-arm-none-eabi-gcc-13.2.1-1.1/arm-none-eabi/include/math.
ARM GAS  C:\Users\VITYAL~1\AppData\Local\Temp\ccCITjWc.s 			page 14


ARM GAS  C:\Users\VITYAL~1\AppData\Local\Temp\ccCITjWc.s 			page 15


DEFINED SYMBOLS
                            *ABS*:00000000 main.c
C:\Users\VITYAL~1\AppData\Local\Temp\ccCITjWc.s:24     .text.main:00000000 $t
C:\Users\VITYAL~1\AppData\Local\Temp\ccCITjWc.s:30     .text.main:00000000 main
C:\Users\VITYAL~1\AppData\Local\Temp\ccCITjWc.s:145    .text.main:00000074 $d
C:\Users\VITYAL~1\AppData\Local\Temp\ccCITjWc.s:152    .text.main:0000007a $t
C:\Users\VITYAL~1\AppData\Local\Temp\ccCITjWc.s:574    .text.main:00000298 $d

UNDEFINED SYMBOLS
__aeabi_i2d
__aeabi_dmul
__aeabi_d2ulz
Init_of_myself_macroses
Init_of_hand_writing
Init_with_macroses
pow
